[0.038s] Invoking command in '/home/tiger/Ê°åÈù¢/turtle_chase_package/build/turtle_chase_package': /usr/bin/cmake --build /home/tiger/Ê°åÈù¢/turtle_chase_package/build/turtle_chase_package -- -j1 -l1
[0.093s] -- Found ament_cmake: 1.3.10 (/opt/ros/humble/share/ament_cmake/cmake)
[0.435s] -- Found rclcpp: 16.0.10 (/opt/ros/humble/share/rclcpp/cmake)
[0.485s] -- Found rosidl_generator_c: 3.1.5 (/opt/ros/humble/share/rosidl_generator_c/cmake)
[0.492s] -- Found rosidl_adapter: 3.1.5 (/opt/ros/humble/share/rosidl_adapter/cmake)
[0.504s] -- Found rosidl_generator_cpp: 3.1.5 (/opt/ros/humble/share/rosidl_generator_cpp/cmake)
[0.530s] -- Using all available rosidl_typesupport_c: rosidl_typesupport_fastrtps_c;rosidl_typesupport_introspection_c
[0.572s] -- Using all available rosidl_typesupport_cpp: rosidl_typesupport_fastrtps_cpp;rosidl_typesupport_introspection_cpp
[0.596s] -- Found rmw_implementation_cmake: 6.1.2 (/opt/ros/humble/share/rmw_implementation_cmake/cmake)
[0.597s] -- Found rmw_fastrtps_cpp: 6.2.7 (/opt/ros/humble/share/rmw_fastrtps_cpp/cmake)
[0.785s] -- Using RMW implementation 'rmw_fastrtps_cpp' as default
[0.918s] -- Found geometry_msgs: 4.2.4 (/opt/ros/humble/share/geometry_msgs/cmake)
[0.958s] -- Found turtlesim: 1.4.2 (/opt/ros/humble/share/turtlesim/cmake)
[1.244s] Error parsing '/home/tiger/Ê°åÈù¢/turtle_chase_package/package.xml':
[1.310s] Traceback (most recent call last):
[1.310s]   File "/usr/lib/python3/dist-packages/catkin_pkg/package.py", line 610, in parse_package_string
[1.311s]     root = dom.parseString(data)
[1.311s]   File "/usr/lib/python3.10/xml/dom/minidom.py", line 2000, in parseString
[1.317s]     return expatbuilder.parseString(string)
[1.318s]   File "/usr/lib/python3.10/xml/dom/expatbuilder.py", line 925, in parseString
[1.334s]     return builder.parseString(string)
[1.335s]   File "/usr/lib/python3.10/xml/dom/expatbuilder.py", line 223, in parseString
[1.335s]     parser.Parse(string, True)
[1.335s] xml.parsers.expat.ExpatError: mismatched tag: line 4, column 124
[1.335s] 
[1.335s] During handling of the above exception, another exception occurred:
[1.335s] 
[1.335s] Traceback (most recent call last):
[1.335s]   File "/opt/ros/humble/share/ament_cmake_core/cmake/core/package_xml_2_cmake.py", line 150, in <module>
[1.335s]     main()
[1.335s]   File "/opt/ros/humble/share/ament_cmake_core/cmake/core/package_xml_2_cmake.py", line 53, in main
[1.335s]     raise e
[1.335s]   File "/opt/ros/humble/share/ament_cmake_core/cmake/core/package_xml_2_cmake.py", line 49, in main
[1.335s]     package = parse_package_string(
[1.335s]   File "/usr/lib/python3/dist-packages/catkin_pkg/package.py", line 612, in parse_package_string
[1.335s]     raise InvalidPackage('The manifest contains invalid XML:\n%s' % ex, filename)
[1.336s] catkin_pkg.package.InvalidPackage: Error(s) in package '/home/tiger/Ê°åÈù¢/turtle_chase_package/package.xml':
[1.336s] The manifest contains invalid XML:
[1.336s] mismatched tag: line 4, column 124
[1.379s] [31mCMake Error at /opt/ros/humble/share/ament_cmake_core/cmake/core/ament_package_xml.cmake:95 (message):
[1.379s]   execute_process(/usr/bin/python3
[1.379s]   /opt/ros/humble/share/ament_cmake_core/cmake/core/package_xml_2_cmake.py
[1.379s]   /home/tiger/Ê°åÈù¢/turtle_chase_package/package.xml
[1.379s]   /home/tiger/Ê°åÈù¢/turtle_chase_package/build/turtle_chase_package/ament_cmake_core/package.cmake)
[1.379s]   returned error code 1
[1.379s] Call Stack (most recent call first):
[1.379s]   /opt/ros/humble/share/ament_cmake_core/cmake/core/ament_package_xml.cmake:49 (_ament_package_xml)
[1.379s]   /opt/ros/humble/share/ament_cmake_core/cmake/core/ament_package.cmake:63 (ament_package_xml)
[1.379s]   CMakeLists.txt:28 (ament_package)
[1.379s] 
[1.379s] [0m
[1.380s] -- Configuring incomplete, errors occurred!
[1.380s] See also "/home/tiger/Ê°åÈù¢/turtle_chase_package/build/turtle_chase_package/CMakeFiles/CMakeOutput.log".
[1.393s] gmake: *** [Makefile:267Ôºöcmake_check_build_system] ÈîôËØØ 1
[1.407s] Invoked command in '/home/tiger/Ê°åÈù¢/turtle_chase_package/build/turtle_chase_package' returned '2': /usr/bin/cmake --build /home/tiger/Ê°åÈù¢/turtle_chase_package/build/turtle_chase_package -- -j1 -l1
